server.ts(7,1): error TS6133: 'XLSX' is declared but its value is never read.
server.ts(21,7): error TS6133: '_DB_FILE' is declared but its value is never read.
server.ts(238,41): error TS6133: 'req' is declared but its value is never read.
server.ts(306,40): error TS6133: 'req' is declared but its value is never read.
server.ts(312,34): error TS6133: 'req' is declared but its value is never read.
server.ts(387,33): error TS6133: 'req' is declared but its value is never read.
server.ts(498,34): error TS6133: 'req' is declared but its value is never read.
server.ts(1023,33): error TS6133: 'req' is declared but its value is never read.
server.ts(1095,25): error TS6133: 'req' is declared but its value is never read.
src/App.tsx(289,9): error TS6133: 'handleSelectCustomerAndNavigate' is declared but its value is never read.
src/components/AdminPanelView.tsx(2,85): error TS6133: 'Trash2' is declared but its value is never read.
src/components/ContactsView.tsx(1,27): error TS6133: 'useEffect' is declared but its value is never read.
src/components/CustomersView.tsx(3,3): error TS6133: 'Users' is declared but its value is never read.
src/components/CustomersView.tsx(6,3): error TS6133: 'ChevronRight' is declared but its value is never read.
src/components/CustomersView.tsx(10,3): error TS6133: 'AlertCircle' is declared but its value is never read.
src/components/CustomersView.tsx(13,3): error TS6133: 'Calendar' is declared but its value is never read.
src/components/CustomersView.tsx(14,3): error TS6133: 'DollarSign' is declared but its value is never read.
src/components/CustomersView.tsx(19,20): error TS6133: 'Invoice' is declared but its value is never read.
src/components/CustomersView.tsx(19,29): error TS6133: 'Payment' is declared but its value is never read.
src/components/CustomersView.tsx(29,49): error TS6133: 'InfoWindow' is declared but its value is never read.
src/components/CustomersView.tsx(59,21): error TS6133: 'marker' is declared but its value is never read.
src/components/DashboardView.tsx(23,3): error TS6133: 'Cell' is declared but its value is never read.
src/components/DashboardView.tsx(121,13): error TS6133: 'name' is declared but its value is never read.
src/components/DashboardView.tsx(237,9): error TS6133: 'BAR_COLORS' is declared but its value is never read.
src/components/DebtsView.tsx(5,3): error TS6133: 'Plus' is declared but its value is never read.
src/components/DebtsView.tsx(8,3): error TS6133: 'ArrowRight' is declared but its value is never read.
src/components/DebtsView.tsx(12,3): error TS6133: 'TrendingDown' is declared but its value is never read.
src/components/DebtsView.tsx(13,3): error TS6133: 'Info' is declared but its value is never read.
src/components/DebtsView.tsx(26,48): error TS6133: 'loading' is declared but its value is never read.
src/components/InvoicesView.tsx(13,3): error TS6133: 'TrendingUp' is declared but its value is never read.
src/components/InvoicesView.tsx(14,3): error TS6133: 'FileSpreadsheet' is declared but its value is never read.
src/components/InvoicesView.tsx(33,12): error TS6133: 'parentLoading' is declared but its value is never read.
src/components/LoginView.tsx(2,35): error TS6133: 'ShieldAlert' is declared but its value is never read.
src/components/ProfitView.tsx(393,55): error TS6133: 'invIdx' is declared but its value is never read.
src/components/ReportsView.tsx(1,27): error TS6133: 'useEffect' is declared but its value is never read.
src/components/ReportsView.tsx(5,3): error TS6133: 'Download' is declared but its value is never read.
src/components/ReportsView.tsx(6,3): error TS6133: 'FileText' is declared but its value is never read.
src/components/ReportsView.tsx(8,3): error TS6133: 'TrendingUp' is declared but its value is never read.
src/components/ReportsView.tsx(10,3): error TS6133: 'AlertCircle' is declared but its value is never read.
src/components/ReportsView.tsx(12,3): error TS6133: 'ExternalLink' is declared but its value is never read.
src/components/ReportsView.tsx(26,60): error TS6133: 'loading' is declared but its value is never read.
src/components/ReportsView.tsx(173,9): error TS6133: 'getFilteredData' is declared but its value is never read.
src/components/SettingsView.tsx(3,3): error TS6133: 'Settings' is declared but its value is never read.
src/components/SettingsView.tsx(9,3): error TS6133: 'TrendingUp' is declared but its value is never read.
